<html>
<body>
<pre>
<h1>µVision Build Log</h1>
<h2>Tool Versions:</h2>
IDE-Version: ¦ÌVision V5.20.0.0
Copyright (C) 2016 ARM Ltd and ARM Germany GmbH. All rights reserved.
License Information: YLX Y15513924345@outlook.com, YLX, LIC=9WSKC-7LQJ9-8T43P-MMYNK-L52IU-S1T46
 
Tool Versions:
Toolchain:       MDK-ARM Plus  Version: 5.20
Toolchain Path:  D:\Keil_v5\ARM\ARMCC\Bin
C Compiler:      Armcc.exe V5.06 update 2 (build 183)
Assembler:       Armasm.exe V5.06 update 2 (build 183)
Linker/Locator:  ArmLink.exe V5.06 update 2 (build 183)
Library Manager: ArmAr.exe V5.06 update 2 (build 183)
Hex Converter:   FromElf.exe V5.06 update 2 (build 183)
CPU DLL:         SARMCM3.DLL V5.20
Dialog DLL:      DCM.DLL V1.13.7.0
Target DLL:      STLink\ST-LINKIII-KEIL_SWO.dll V2.0.18.0
Dialog DLL:      TCM.DLL V1.14.9.0
 
<h2>Project:</h2>
E:\stm32\stm32\2.key control\Project.uvprojx
Project File Date:  01/30/2023

<h2>Output:</h2>
*** Using Compiler 'V5.06 update 2 (build 183)', folder: 'D:\Keil_v5\ARM\ARMCC\Bin'
Build target 'Target 1'
assembling startup_stm32f10x_md.s...
compiling core_cm3.c...
compiling system_stm32f10x.c...
compiling stm32f10x_bkp.c...
compiling misc.c...
compiling stm32f10x_can.c...
compiling stm32f10x_adc.c...
compiling stm32f10x_cec.c...
compiling stm32f10x_crc.c...
compiling stm32f10x_dac.c...
compiling stm32f10x_dbgmcu.c...
compiling stm32f10x_dma.c...
compiling stm32f10x_fsmc.c...
compiling stm32f10x_exti.c...
compiling stm32f10x_flash.c...
compiling stm32f10x_gpio.c...
compiling stm32f10x_i2c.c...
compiling stm32f10x_iwdg.c...
compiling stm32f10x_pwr.c...
compiling stm32f10x_rtc.c...
compiling stm32f10x_sdio.c...
compiling stm32f10x_rcc.c...
compiling stm32f10x_spi.c...
compiling stm32f10x_wwdg.c...
compiling stm32f10x_usart.c...
compiling stm32f10x_tim.c...
compiling Delay.c...
compiling main.c...
.\Driver\inc\LED.h(5): warning:  #1295-D: Deprecated declaration LED_Init - give arg types
  void LED_Init();
.\Driver\inc\LED.h(6): warning:  #1295-D: Deprecated declaration LED_TurnOff - give arg types
  void LED_TurnOff();
.\Driver\inc\LED.h(7): warning:  #1295-D: Deprecated declaration LED_TurnOn - give arg types
  void LED_TurnOn();
.\Driver\inc\LED.h(8): warning:  #1295-D: Deprecated declaration LED_Reversal - give arg types
  void LED_Reversal();
.\Driver\inc\Key.h(5): warning:  #1295-D: Deprecated declaration Key_Init - give arg types
  void Key_Init();
.\Driver\inc\Key.h(6): warning:  #1295-D: Deprecated declaration Key_IfPress - give arg types
  uint8_t Key_IfPress();
User\main.c: 6 warnings, 0 errors
compiling Key.c...
Driver\src\Key.c(29): warning:  #174-D: expression has no effect
              state == 1;
Driver\src\Key.c: 1 warning, 0 errors
compiling LED.c...
compiling stm32f10x_it.c...
linking...
Program Size: Code=1316 RO-data=252 RW-data=0 ZI-data=1632  
".\Objects\Project.axf" - 0 Error(s), 7 Warning(s).

<h2>Collection of Component include folders:</h2>
  E:\stm32\stm32\2.key control\RTE
  D:\Keil_v5\ARM\PACK\Keil\STM32F1xx_DFP\2.2.0\Device\Include

<h2>Collection of Component Files used:</h2>
Build Time Elapsed:  00:00:06
</pre>
</body>
</html>
